../Drivers/CMSIS/Include/core_cm4.h:2059:26:ITM_SendChar	16	static,ignoring_inline_asm
../Core/Src/main.c:68:6:detectLost	16	static
../Core/Src/main.c:102:6:handle_lost_mode_leds	64	static
../Core/Src/main.c:148:6:TIM2_IRQHandler	4	static
../Core/Src/main.c:161:5:_write	32	static
../Core/Src/main.c:175:5:main	16	static
../Core/Src/main.c:243:6:SystemClock_Config	96	static
../Core/Src/main.c:288:13:MX_SPI3_Init	8	static
../Core/Src/main.c:327:13:MX_GPIO_Init	48	static
../Core/Src/main.c:385:6:Error_Handler	4	static,ignoring_inline_asm
