../Drivers/CMSIS/Include/core_cm4.h:2059:26:ITM_SendChar	16	static,ignoring_inline_asm
../Core/Src/main.c:69:6:detectLost	16	static
../Core/Src/main.c:103:6:handle_lost_mode_leds	40	static
../Core/Src/main.c:141:6:TIM2_IRQHandler	4	static
../Core/Src/main.c:154:5:_write	32	static
../Core/Src/main.c:168:5:main	16	static,ignoring_inline_asm
../Core/Src/main.c:253:6:SystemClock_Config	96	static
../Core/Src/main.c:298:13:MX_SPI3_Init	8	static
../Core/Src/main.c:337:13:MX_GPIO_Init	48	static
../Core/Src/main.c:395:6:Error_Handler	4	static,ignoring_inline_asm
../Core/Src/main.c:406:6:SetSystemClock	104	static
